2026-02-14T01:38:07.222Z [console][error] A tree hydrated but some attributes of the server rendered HTML didn't match the client properties. This won't be patched up. This can happen if a SSR-ed Client Component used:

- A server/client branch `if (typeof window !== 'undefined')`.
- Variable input such as `Date.now()` or `Math.random()` which changes each time it's called.
- Date formatting in a user's locale which doesn't match the server.
- External changing data without sending a snapshot of it along with the HTML.
- Invalid HTML tag nesting.

It can also happen if the client has a browser extension installed which messes with the HTML before React loaded.

%s%s https://react.dev/link/hydration-mismatch 

  ...
    <HotReload globalError={[...]} webSocket={WebSocket} staticIndicatorState={{pathname:null, ...}}>
      <AppDevOverlayErrorBoundary globalError={[...]}>
        <ReplaySsrOnlyErrors>
        <DevRootHTTPAccessFallbackBoundary>
          <HTTPAccessFallbackBoundary notFound={<NotAllowedRootHTTPFallbackError>}>
            <HTTPAccessFallbackErrorBoundary pathname="/" notFound={<NotAllowedRootHTTPFallbackError>} ...>
              <RedirectBoundary>
                <RedirectErrorBoundary router={{...}}>
                  <Head headCacheNode={{rsc:<Fragment>, ...}}>
                    <__next_viewport_boundary__>
                    <MetadataWrapper>
                      <div
                        hidden={true}
-                       data-orchid-ref="ref-ijf84k9fkk"
                      >
                    ...
                  <__next_root_layout_boundary__>
                    <SegmentViewNode type="layout" pagePath="layout.tsx">
                      <SegmentTrieNode>
                      <link>
                      <script>
                      <script>
                      <RootLayout>
                        <html lang="en">
                          <body
                            className="inter_5901b7c6-module__ec5Qua__variable font-sans antialiased min-h-screen bg-w..."
...
2026-02-14T15:07:28.185Z [console][warn] [Fast Refresh] rebuilding
2026-02-14T15:07:28.337Z [console][warn] [Fast Refresh] done in 1500ms
2026-02-14T15:07:28.879Z [console][error] Access to fetch at 'https://ipapi.co/json/' from origin 'http://localhost:3000' has been blocked by CORS policy: No 'Access-Control-Allow-Origin' header is present on the requested resource.
2026-02-14T15:07:28.886Z [console][warn] Geo-detection failed, using defaults
2026-02-14T15:04:13.441Z [console][error] A tree hydrated but some attributes of the server rendered HTML didn't match the client properties. This won't be patched up. This can happen if a SSR-ed Client Component used:

- A server/client branch `if (typeof window !== 'undefined')`.
- Variable input such as `Date.now()` or `Math.random()` which changes each time it's called.
- Date formatting in a user's locale which doesn't match the server.
- External changing data without sending a snapshot of it along with the HTML.
- Invalid HTML tag nesting.

It can also happen if the client has a browser extension installed which messes with the HTML before React loaded.

%s%s https://react.dev/link/hydration-mismatch 

  ...
    <HotReload globalError={[...]} webSocket={WebSocket} staticIndicatorState={{pathname:null, ...}}>
      <AppDevOverlayErrorBoundary globalError={[...]}>
        <ReplaySsrOnlyErrors>
        <DevRootHTTPAccessFallbackBoundary>
          <HTTPAccessFallbackBoundary notFound={<NotAllowedRootHTTPFallbackError>}>
            <HTTPAccessFallbackErrorBoundary pathname="/" notFound={<NotAllowedRootHTTPFallbackError>} ...>
              <RedirectBoundary>
                <RedirectErrorBoundary router={{...}}>
                  <Head headCacheNode={{rsc:<Fragment>, ...}}>
                    <__next_viewport_boundary__>
                    <MetadataWrapper>
                      <div
                        hidden={true}
-                       data-orchid-ref="ref-41sr2uu2op"
                      >
                    ...
                  <__next_root_layout_boundary__>
                    <SegmentViewNode type="layout" pagePath="layout.tsx">
                      <SegmentTrieNode>
                      <link>
                      <script>
                      <script>
                      <RootLayout>
                        <html lang="en">
                          <body
                            className="inter_5901b7c6-module__ec5Qua__variable font-sans antialiased min-h-screen bg-w..."
...
2026-02-14T15:04:13.446Z [console][debug] __ORCHIDS_NAVIGATE__ http://localhost:3000/
2026-02-14T15:07:28.184Z [console][log] [Fast Refresh] rebuilding
2026-02-14T15:07:28.336Z [console][log] [Fast Refresh] done in 1500ms
2026-02-14T15:07:28.886Z [console][log] Geo-detection failed, using defaults
2026-02-14T15:04:13.868Z [network][POST 200] /__nextjs_original-stack-frames
  request: {"frames":[{"file":"https://react.dev/link/hydration-mismatch","line1":null,"column1":null,"methodName":"<unknown>","arguments":[]},{"file":"file:///Users/hamsa/orchids-projects/hammad-foundation-site/.next/dev/static/chunks/node_modules_next_dist_f3530cac._.js","line1":2199,"column1":71,"methodName":"createConsoleError","arguments":[]},{"file":"file:///Users/hamsa/orchids-projects/hammad-foundation-site/.next/dev/static/chunks/node_modules_next_dist_f3530cac._.js","line1":2980,"column1":54,"methodName":"handleConsoleError","arguments":[]},{"file":"file:///Users/hamsa/orchids-projects/hammad-foundation-site/.next/dev/static/chunks/node_modules_next_dist_f3530cac._.js","line1":3124,"column1":57,"methodName":"console.error","arguments":[]},{"file":"<anonymous>","line1":86,"column1":44,"methodName":"console.error","arguments":[]},{"file":"file:///Users/hamsa/orchids-projects/hammad-foundation-site/.next/dev/static/chunks/node_modules_next_dist_compiled_react-dom_1e674e59._.js","line1":3469,"column1":25,"methodName":"<unknown>","arguments":[]},{"file":"file:///Users/hamsa/orchids-projects/hammad-foundation-site/.next/dev/static/chunks/node_modules_next_dist_compiled_react-dom_1e674e59._.js","line1":965,"column1":74,"methodName":"runWithFiberInDEV","arguments":[]},{"file":"file:///Users/hamsa/orchids-projects/hammad-foundation-site/.next/dev/static/chunks/node_modules_next_dist_compiled_react-dom_1e674e59._.js","line1":3468,"column1":13,"methodName":"emitPendingHydrationWarnings","arguments":[]},{"file":"file:///Users/hamsa/orchids-projects/hammad-foundation-site/.next/dev/static/chunks/node_modules_next_dist_compiled_react-dom_1e674e59._.js","line1":6897,"column1":102,"methodName":"completeWork","arguments":[]},{"file":"file:///Users/hamsa/orchids-projects/hammad-foundation-site/.next/dev/static/chunks/node_modules_next_dist_compiled_react-dom_1e674e59._.js","line1":965,"column1":131,"methodName":"runWithFiberInDEV","arguments":[]},{"file":"file:///Users/hamsa/orchids-p... [truncated]
  response: [{"status":"rejected","reason":"[Error: Unknown url scheme 'https'\n\nDebug info:\n- Execution of project_trace_source_operation failed\n- Execution of *SourceMap::new_from_rope_cached failed\n- Execution of get_source_map_rope failed\n- Unknown url scheme 'https'] {\n  code: 'GenericFailure'\n}"},{"status":"fulfilled","value":{"originalStackFrame":{"arguments":[],"file":"node_modules/next/src/next-devtools/shared/console-error.ts","line1":16,"column1":35,"ignored":true,"methodName":"createConsoleError"},"originalCodeFrame":null}},{"status":"fulfilled","value":{"originalStackFrame":{"arguments":[],"file":"node_modules/next/src/next-devtools/userspace/app/errors/use-error-handler.ts","line1":31,"column1":31,"ignored":true,"methodName":"handleConsoleError"},"originalCodeFrame":null}},{"status":"fulfilled","value":{"originalStackFrame":{"arguments":[],"file":"node_modules/next/src/next-devtools/userspace/app/errors/intercept-console-error.ts","line1":33,"column1":27,"ignored":true,"methodName":"console.error"},"originalCodeFrame":null}},{"status":"fulfilled","value":{"originalStackFrame":{"arguments":[],"file":"<anonymous>","line1":86,"column1":44,"ignored":false,"methodName":"console.error"},"originalCodeFrame":null}},{"status":"fulfilled","value":{"originalStackFrame":{"arguments":[],"file":"node_modules/next/dist/compiled/react-dom/cjs/react-dom-client.development.js","line1":5731,"column1":19,"ignored":true,"methodName":"<unknown>"},"originalCodeFrame":null}},{"status":"fulfilled","value":{"originalStackFrame":{"arguments":[],"file":"node_modules/next/dist/compiled/react-dom/cjs/react-dom-client.development.js","line1":986,"column1":30,"ignored":true,"methodName":"runWithFiberInDEV"},"originalCodeFrame":null}},{"status":"fulfilled","value":{"originalStackFrame":{"arguments":[],"file":"node_modules/next/dist/compiled/react-dom/cjs/react-dom-client.development.js","line1":5730,"column1":9,"ignored":true,"methodName":"emitPendingHydrationWarnings"},"originalCodeFrame"... [truncated]
2026-02-14T15:07:28.885Z [network][GET 0] https://ipapi.co/json/
  response: Request failed: Failed to fetch
2026-02-14T15:08:03.089Z [console][error] A tree hydrated but some attributes of the server rendered HTML didn't match the client properties. This won't be patched up. This can happen if a SSR-ed Client Component used:

- A server/client branch `if (typeof window !== 'undefined')`.
- Variable input such as `Date.now()` or `Math.random()` which changes each time it's called.
- Date formatting in a user's locale which doesn't match the server.
- External changing data without sending a snapshot of it along with the HTML.
- Invalid HTML tag nesting.

It can also happen if the client has a browser extension installed which messes with the HTML before React loaded.

%s%s https://react.dev/link/hydration-mismatch 

  ...
    <HotReload globalError={[...]} webSocket={WebSocket} staticIndicatorState={{pathname:null, ...}}>
      <AppDevOverlayErrorBoundary globalError={[...]}>
        <ReplaySsrOnlyErrors>
        <DevRootHTTPAccessFallbackBoundary>
          <HTTPAccessFallbackBoundary notFound={<NotAllowedRootHTTPFallbackError>}>
            <HTTPAccessFallbackErrorBoundary pathname="/" notFound={<NotAllowedRootHTTPFallbackError>} ...>
              <RedirectBoundary>
                <RedirectErrorBoundary router={{...}}>
                  <Head>
                  <__next_root_layout_boundary__>
                    <SegmentViewNode type="layout" pagePath="layout.tsx">
                      <SegmentTrieNode>
                      <link>
                      <script>
                      <script>
                      <RootLayout>
                        <html lang="en">
                          <body className="inter_5901...">
                            <header>
                            ...
                              <SegmentViewNode type="page" pagePath="page.tsx">
                                <SegmentTrieNode>
                                <Home>
                                  <main className="flex min-h...">
                                    <Hero>
                                    <Urgenc...
2026-02-14T15:08:04.197Z [console][log] [Fast Refresh] rebuilding
2026-02-14T15:08:04.326Z [network][POST 200] /__nextjs_original-stack-frames
  request: {"frames":[{"file":"https://react.dev/link/hydration-mismatch","line1":null,"column1":null,"methodName":"<unknown>","arguments":[]},{"file":"file:///Users/hamsa/orchids-projects/hammad-foundation-site/.next/dev/static/chunks/node_modules_next_dist_f3530cac._.js","line1":2199,"column1":71,"methodName":"createConsoleError","arguments":[]},{"file":"file:///Users/hamsa/orchids-projects/hammad-foundation-site/.next/dev/static/chunks/node_modules_next_dist_f3530cac._.js","line1":2980,"column1":54,"methodName":"handleConsoleError","arguments":[]},{"file":"file:///Users/hamsa/orchids-projects/hammad-foundation-site/.next/dev/static/chunks/node_modules_next_dist_f3530cac._.js","line1":3124,"column1":57,"methodName":"console.error","arguments":[]},{"file":"<anonymous>","line1":86,"column1":44,"methodName":"console.error","arguments":[]},{"file":"file:///Users/hamsa/orchids-projects/hammad-foundation-site/.next/dev/static/chunks/node_modules_next_dist_compiled_react-dom_1e674e59._.js","line1":3469,"column1":25,"methodName":"<unknown>","arguments":[]},{"file":"file:///Users/hamsa/orchids-projects/hammad-foundation-site/.next/dev/static/chunks/node_modules_next_dist_compiled_react-dom_1e674e59._.js","line1":965,"column1":74,"methodName":"runWithFiberInDEV","arguments":[]},{"file":"file:///Users/hamsa/orchids-projects/hammad-foundation-site/.next/dev/static/chunks/node_modules_next_dist_compiled_react-dom_1e674e59._.js","line1":3468,"column1":13,"methodName":"emitPendingHydrationWarnings","arguments":[]},{"file":"file:///Users/hamsa/orchids-projects/hammad-foundation-site/.next/dev/static/chunks/node_modules_next_dist_compiled_react-dom_1e674e59._.js","line1":6897,"column1":102,"methodName":"completeWork","arguments":[]},{"file":"file:///Users/hamsa/orchids-projects/hammad-foundation-site/.next/dev/static/chunks/node_modules_next_dist_compiled_react-dom_1e674e59._.js","line1":965,"column1":131,"methodName":"runWithFiberInDEV","arguments":[]},{"file":"file:///Users/hamsa/orchids-p... [truncated]
  response: [{"status":"rejected","reason":"[Error: Unknown url scheme 'https'\n\nDebug info:\n- Execution of project_trace_source_operation failed\n- Execution of *SourceMap::new_from_rope_cached failed\n- Execution of get_source_map_rope failed\n- Unknown url scheme 'https'] {\n  code: 'GenericFailure'\n}"},{"status":"fulfilled","value":{"originalStackFrame":{"arguments":[],"file":"node_modules/next/src/next-devtools/shared/console-error.ts","line1":16,"column1":35,"ignored":true,"methodName":"createConsoleError"},"originalCodeFrame":null}},{"status":"fulfilled","value":{"originalStackFrame":{"arguments":[],"file":"node_modules/next/src/next-devtools/userspace/app/errors/use-error-handler.ts","line1":31,"column1":31,"ignored":true,"methodName":"handleConsoleError"},"originalCodeFrame":null}},{"status":"fulfilled","value":{"originalStackFrame":{"arguments":[],"file":"node_modules/next/src/next-devtools/userspace/app/errors/intercept-console-error.ts","line1":33,"column1":27,"ignored":true,"methodName":"console.error"},"originalCodeFrame":null}},{"status":"fulfilled","value":{"originalStackFrame":{"arguments":[],"file":"<anonymous>","line1":86,"column1":44,"ignored":false,"methodName":"console.error"},"originalCodeFrame":null}},{"status":"fulfilled","value":{"originalStackFrame":{"arguments":[],"file":"node_modules/next/dist/compiled/react-dom/cjs/react-dom-client.development.js","line1":5731,"column1":19,"ignored":true,"methodName":"<unknown>"},"originalCodeFrame":null}},{"status":"fulfilled","value":{"originalStackFrame":{"arguments":[],"file":"node_modules/next/dist/compiled/react-dom/cjs/react-dom-client.development.js","line1":986,"column1":30,"ignored":true,"methodName":"runWithFiberInDEV"},"originalCodeFrame":null}},{"status":"fulfilled","value":{"originalStackFrame":{"arguments":[],"file":"node_modules/next/dist/compiled/react-dom/cjs/react-dom-client.development.js","line1":5730,"column1":9,"ignored":true,"methodName":"emitPendingHydrationWarnings"},"originalCodeFrame"... [truncated]
